{
  "Data": [],
  "Pagination": {
    "PageSize": 10,
    "PageNumber": 1,
    "Count": 0
  }
}
