[
  {
    "EntitlementMonths": [],
    "OrganisationId": 114895,
    "BusinessEntityId": "31fc471a-7169-4537-bc58-2bdd59e46448",
    "RequestId": "59098",
    "FundingPeriodMonth": null,
    "FundingYear": 0,
    "RevisionNumber": 1,
    "TotalWashUp": null,
    "TotalAdvance": null,
    "AdvanceMonths": [],
    "MatchingAdvanceMonths": [],
    "Equity": null
  }
]
