[
  {
    "EntitlementMonths": [],
    "OrganisationId": 114895,
    "BusinessEntityId": "95689367-7a01-44eb-97d1-c33b89b1e5e1",
    "RequestId": "59104",
    "FundingPeriodMonth": null,
    "FundingYear": 0,
    "RevisionNumber": 1,
    "TotalWashUp": null,
    "TotalAdvance": null,
    "AdvanceMonths": [],
    "MatchingAdvanceMonths": [],
    "Equity": null
  }
]
