{
  "Id": 16092,
  "BusinessEntityId": "c4cd9917-81ae-4db8-845a-bebbf50895e4",
  "OrganisationId": 114895,
  "FundingPeriod": "July",
  "FundingYear": 2021,
  "FundingPeriodYear": 2020,
  "IsZeroReturn": false,
  "RollStatus": "InternalReadyForReview",
  "ReceivedDate": "2020-11-13T09:57:07.8786866+13:00",
  "RevisionNumber": 1,
  "RevisionDate": "2020-11-13T09:57:07.8786866+13:00",
  "AdvanceMonths": [
    {
      "MonthNumber": 7,
      "Year": 2020,
      "AllDay": 2,
      "Sessional": 6,
      "ParentLed": 4
    },
    {
      "MonthNumber": 8,
      "Year": 2020,
      "AllDay": 1,
      "Sessional": 4,
      "ParentLed": 2
    },
    {
      "MonthNumber": 9,
      "Year": 2020,
      "AllDay": 3,
      "Sessional": 3,
      "ParentLed": 5
    },
    {
      "MonthNumber": 10,
      "Year": 2020,
      "AllDay": 1,
      "Sessional": 3,
      "ParentLed": 2
    }
  ],
  "EntitlementMonths": [
    {
      "MonthNumber": 2,
      "Year": 2020,
      "Days": [
        {
          "DayNumber": 1,
          "Under2": 5,
          "TwoAndOver": 3,
          "Hours20": 2,
          "Plus10": 4,
          "Certificated": 5,
          "NonCertificated": 6
        }
      ]
    },
    {
      "MonthNumber": 3,
      "Year": 2020,
      "Days": [
        {
          "DayNumber": 1,
          "Under2": 5,
          "TwoAndOver": 3,
          "Hours20": 2,
          "Plus10": 4,
          "Certificated": 5,
          "NonCertificated": 6
        }
      ]
    },
    {
      "MonthNumber": 4,
      "Year": 2020,
      "Days": [
        {
          "DayNumber": 1,
          "Under2": 5,
          "TwoAndOver": 3,
          "Hours20": 2,
          "Plus10": 4,
          "Certificated": 5,
          "NonCertificated": 6
        }
      ]
    },
    {
      "MonthNumber": 5,
      "Year": 2020,
      "Days": [
        {
          "DayNumber": 1,
          "Under2": 5,
          "TwoAndOver": 3,
          "Hours20": 2,
          "Plus10": 4,
          "Certificated": 5,
          "NonCertificated": 6
        }
      ]
    }
  ],
  "IsAttested": true,
  "Declaration": {
    "FullName": "",
    "ContactPhone": "",
    "Role": "",
    "IsDeclaredTrue": true
  },
  "RequestId": "16092"
}
